This is pdfTeX, Version 3.141592653-2.6-1.40.29 (TeX Live 2026) (preloaded format=pdflatex 2026.9.30)  5 OCT 2026 18:18
entering extended mode
 restricted \write18 enabled.
 file:line:error style messages enabled.
 %&-line parsing enabled.
**"/home/portgas/Desktop/IABD/BDA/Practicas Nifi/main.tex"
(/home/portgas/Desktop/IABD/BDA/Practicas Nifi/main.tex
LaTeX2e <2026-06-01>
L3 programming layer <2026-09-09>
(/usr/local/texlive/2026/texmf-dist/tex/latex/base/article.cls
Document Class: article 2025/01/22 v1.4n Standard LaTeX document class
(/usr/local/texlive/2026/texmf-dist/tex/latex/base/size12.clo
File: size12.clo 2025/01/22 v1.4n Standard LaTeX file (size option)
)
\c@part=\count276
\c@section=\count277
\c@subsection=\count278
\c@subsubsection=\count279
\c@paragraph=\count280
\c@subparagraph=\count281
\c@figure=\count282
\c@table=\count283
\abovecaptionskip=\skip49
\belowcaptionskip=\skip50
\bibindent=\dimen150
) (/usr/local/texlive/2026/texmf-dist/tex/latex/base/inputenc.sty
Package: inputenc 2024/02/08 v1.3d Input encoding file
\inpenc@prehook=\toks17
\inpenc@posthook=\toks18
) (/usr/local/texlive/2026/texmf-dist/tex/latex/base/fontenc.sty
Package: fontenc 2025/07/18 v2.1d Standard LaTeX package
) (/usr/local/texlive/2026/texmf-dist/tex/generic/babel/babel.sty
Package: babel 2026/09/27 v26.13 The multilingual framework for LuaLaTeX, pdfLaTeX and XeLaTeX
\babel@savecnt=\count284
LaTeX Encoding Info:    Redeclaring text command \ij (encoding OT1) on input line 2110.
LaTeX Encoding Info:    Redeclaring text command \IJ (encoding OT1) on input line 2112.
LaTeX Encoding Info:    Redeclaring text command \ij (encoding T1) on input line 2114.
LaTeX Encoding Info:    Redeclaring text command \IJ (encoding T1) on input line 2115.
LaTeX Encoding Info:    Ignoring declaration for text command \ij (encoding ?) on input line 2116.
LaTeX Encoding Info:    Ignoring declaration for text command \IJ (encoding ?) on input line 2118.
LaTeX Encoding Info:    Ignoring declaration for text command \SS (encoding ?) on input line 2143.
\U@D=\dimen151
\l@unhyphenated=\language91
 (/usr/local/texlive/2026/texmf-dist/tex/generic/babel/txtbabel.def)
\bbl@readstream=\read2
\bbl@dirlevel=\count285
 (/usr/local/texlive/2026/texmf-dist/tex/generic/babel/locale/es/babel-spanish.tex)
Package babel Info: Importing font and identification data for 'spanish'
(babel)             from babel-es.ini. Reported on input line 4478.
 (/usr/local/texlive/2026/texmf-dist/tex/generic/babel-spanish/spanish.ldf
Language: spanish.ldf 2021/05/27 v5.0q Spanish support from the babel system
\es@quottoks=\toks19
\es@quotdepth=\count286
Package babel Info: Making " an active character on input line 570.
Package babel Info: Making . an active character on input line 675.
Package babel Info: Making < an active character on input line 722.
Package babel Info: Making > an active character on input line 722.
))
LaTeX Encoding Info:    Redeclaring text command \guillemotleft (encoding OT1) on input line 6.
LaTeX Encoding Info:    Redeclaring text command \guillemotright (encoding OT1) on input line 6.
 (/usr/local/texlive/2026/texmf-dist/tex/latex/amsmath/amsmath.sty
Package: amsmath 2026/05/19 v2.18d AMS math features
\@mathmargin=\skip51

For additional information on amsmath, use the `?' option.
(/usr/local/texlive/2026/texmf-dist/tex/latex/amsmath/amstext.sty
Package: amstext 2024/11/17 v2.01 AMS text
 (/usr/local/texlive/2026/texmf-dist/tex/latex/amsmath/amsgen.sty
File: amsgen.sty 1999/11/30 v2.0 generic functions
\@emptytoks=\toks20
\ex@=\dimen152
)) (/usr/local/texlive/2026/texmf-dist/tex/latex/amsmath/amsbsy.sty
Package: amsbsy 1999/11/29 v1.2d Bold Symbols
\pmbraise@=\dimen153
) (/usr/local/texlive/2026/texmf-dist/tex/latex/amsmath/amsopn.sty
Package: amsopn 2022/04/08 v2.04 operator names
)
\inf@bad=\count287
LaTeX Info: Redefining \frac on input line 233.
\uproot@=\count288
\leftroot@=\count289
LaTeX Info: Redefining \overline on input line 398.
LaTeX Info: Redefining \colon on input line 409.
\classnum@=\count290
\DOTSCASE@=\count291
LaTeX Info: Redefining \ldots on input line 495.
LaTeX Info: Redefining \dots on input line 498.
LaTeX Info: Redefining \cdots on input line 619.
\Mathstrutbox@=\box53
\strutbox@=\box54
LaTeX Info: Redefining \big on input line 721.
LaTeX Info: Redefining \Big on input line 722.
LaTeX Info: Redefining \bigg on input line 723.
LaTeX Info: Redefining \Bigg on input line 724.
\big@size=\dimen154
LaTeX Font Info:    Redeclaring font encoding OML on input line 742.
LaTeX Font Info:    Redeclaring font encoding OMS on input line 743.
\macc@depth=\count292
LaTeX Info: Redefining \bmod on input line 904.
LaTeX Info: Redefining \pmod on input line 909.
LaTeX Info: Redefining \smash on input line 939.
LaTeX Info: Redefining \relbar on input line 969.
LaTeX Info: Redefining \Relbar on input line 970.
\c@MaxMatrixCols=\count293
\dotsspace@=\muskip17
\c@parentequation=\count294
\dspbrk@lvl=\count295
\tag@help=\toks21
\row@=\count296
\column@=\count297
\maxfields@=\count298
\andhelp@=\toks22
\eqnshift@=\dimen155
\alignsep@=\dimen156
\tagshift@=\dimen157
\tagwidth@=\dimen158
\totwidth@=\dimen159
\lineht@=\dimen160
\@envbody=\toks23
\multlinegap=\skip52
\multlinetaggap=\skip53
\mathdisplay@stack=\toks24
LaTeX Info: Redefining \[ on input line 2965.
LaTeX Info: Redefining \] on input line 2966.
) (/usr/local/texlive/2026/texmf-dist/tex/latex/amsfonts/amssymb.sty
Package: amssymb 2013/01/14 v3.01 AMS font symbols
 (/usr/local/texlive/2026/texmf-dist/tex/latex/amsfonts/amsfonts.sty
Package: amsfonts 2013/01/14 v3.01 Basic AMSFonts support
\symAMSa=\mathgroup4
\symAMSb=\mathgroup5
LaTeX Font Info:    Redeclaring math symbol \hbar on input line 98.
LaTeX Font Info:    Overwriting math alphabet `\mathfrak' in version `bold'
(Font)                  U/euf/m/n --> U/euf/b/n on input line 106.
)) (/usr/local/texlive/2026/texmf-dist/tex/latex/graphics/graphicx.sty
Package: graphicx 2026-05-17 v1.2e Enhanced LaTeX Graphics (DPC,SPQR)
 (/usr/local/texlive/2026/texmf-dist/tex/latex/graphics/keyval.sty
Package: keyval 2026-05-17 v1.15 key=value parser (DPC)
\KV@toks@=\toks25
) (/usr/local/texlive/2026/texmf-dist/tex/latex/graphics/graphics.sty
Package: graphics 2026-05-17 v1.4h Standard LaTeX Graphics (DPC,SPQR)
 (/usr/local/texlive/2026/texmf-dist/tex/latex/graphics/trig.sty
Package: trig 2023/12/02 v1.11 sin cos tan (DPC)
) (/usr/local/texlive/2026/texmf-dist/tex/latex/graphics-cfg/graphics.cfg
File: graphics.cfg 2016/06/04 v1.11 sample graphics configuration
)
Package graphics Info: Driver file: pdftex.def on input line 106.
 (/usr/local/texlive/2026/texmf-dist/tex/latex/graphics-def/pdftex.def
File: pdftex.def 2025/09/29 v1.2d Graphics/color driver for pdftex
))
\Gin@req@height=\dimen161
\Gin@req@width=\dimen162
) (/usr/local/texlive/2026/texmf-dist/tex/latex/geometry/geometry.sty
Package: geometry 2026/03/07 v6.0 Page Geometry
 (/usr/local/texlive/2026/texmf-dist/tex/generic/iftex/ifvtex.sty
Package: ifvtex 2019/10/25 v1.7 ifvtex legacy package. Use iftex instead.
 (/usr/local/texlive/2026/texmf-dist/tex/generic/iftex/iftex.sty
Package: iftex 2024/12/12 v1.0g TeX engine tests
))
\Gm@cnth=\count299
\Gm@cntv=\count300
\c@Gm@tempcnt=\count301
\Gm@bindingoffset=\dimen163
\Gm@wd@mp=\dimen164
\Gm@odd@mp=\dimen165
\Gm@even@mp=\dimen166
\Gm@layoutwidth=\dimen167
\Gm@layoutheight=\dimen168
\Gm@layouthoffset=\dimen169
\Gm@layoutvoffset=\dimen170
\Gm@dimlist=\toks26
) (/usr/local/texlive/2026/texmf-dist/tex/latex/hyperref/hyperref.sty
Package: hyperref 2026-06-17 v7.01r Hypertext links for LaTeX
 (/usr/local/texlive/2026/texmf-dist/tex/latex/kvsetkeys/kvsetkeys.sty
Package: kvsetkeys 2022-10-05 v1.19 Key value parser (HO)
) (/usr/local/texlive/2026/texmf-dist/tex/generic/kvdefinekeys/kvdefinekeys.sty
Package: kvdefinekeys 2019-12-19 v1.6 Define keys (HO)
) (/usr/local/texlive/2026/texmf-dist/tex/generic/pdfescape/pdfescape.sty
Package: pdfescape 2019/12/09 v1.15 Implements pdfTeX's escape features (HO)
 (/usr/local/texlive/2026/texmf-dist/tex/generic/ltxcmds/ltxcmds.sty
Package: ltxcmds 2023-12-04 v1.26 LaTeX kernel commands for general use (HO)
) (/usr/local/texlive/2026/texmf-dist/tex/generic/pdftexcmds/pdftexcmds.sty
Package: pdftexcmds 2020-06-27 v0.33 Utility functions of pdfTeX for LuaTeX (HO)
 (/usr/local/texlive/2026/texmf-dist/tex/generic/infwarerr/infwarerr.sty
Package: infwarerr 2019/12/03 v1.5 Providing info/warning/error messages (HO)
)
Package pdftexcmds Info: \pdf@primitive is available.
Package pdftexcmds Info: \pdf@ifprimitive is available.
Package pdftexcmds Info: \pdfdraftmode found.
)) (/usr/local/texlive/2026/texmf-dist/tex/latex/hycolor/hycolor.sty
Package: hycolor 2020-01-27 v1.10 Color options for hyperref/bookmark (HO)
) (/usr/local/texlive/2026/texmf-dist/tex/latex/hyperref/nameref.sty
Package: nameref 2026-01-29 v2.58 Cross-referencing by name of section
 (/usr/local/texlive/2026/texmf-dist/tex/latex/refcount/refcount.sty
Package: refcount 2019/12/15 v3.6 Data extraction from label references (HO)
) (/usr/local/texlive/2026/texmf-dist/tex/generic/gettitlestring/gettitlestring.sty
Package: gettitlestring 2019/12/15 v1.6 Cleanup title references (HO)
 (/usr/local/texlive/2026/texmf-dist/tex/latex/kvoptions/kvoptions.sty
Package: kvoptions 2022-06-15 v3.15 Key value format for package options (HO)
))
\c@section@level=\count302
) (/usr/local/texlive/2026/texmf-dist/tex/latex/etoolbox/etoolbox.sty
Package: etoolbox 2025/10/02 v2.5m e-TeX tools for LaTeX (JAW)
\etb@tempcnta=\count303
) (/usr/local/texlive/2026/texmf-dist/tex/generic/stringenc/stringenc.sty
Package: stringenc 2019/11/29 v1.12 Convert strings between diff. encodings (HO)
)
\@linkdim=\dimen171
\Hy@linkcounter=\count304
\Hy@pagecounter=\count305
 (/usr/local/texlive/2026/texmf-dist/tex/latex/hyperref/pd1enc.def
File: pd1enc.def 2026-06-17 v7.01r Hyperref: PDFDocEncoding definition (HO)
Now handling font encoding PD1 ...
... no UTF-8 mapping file for font encoding PD1
) (/usr/local/texlive/2026/texmf-dist/tex/generic/intcalc/intcalc.sty
Package: intcalc 2019/12/15 v1.3 Expandable calculations with integers (HO)
)
\Hy@SavedSpaceFactor=\count306
 (/usr/local/texlive/2026/texmf-dist/tex/latex/hyperref/puenc.def
File: puenc.def 2026-06-17 v7.01r Hyperref: PDF Unicode definition (HO)
Now handling font encoding PU ...
... no UTF-8 mapping file for font encoding PU
)
Package hyperref Info: Hyper figures OFF on input line 4199.
Package hyperref Info: Link nesting OFF on input line 4204.
Package hyperref Info: Hyper index ON on input line 4207.
Package hyperref Info: Plain pages OFF on input line 4214.
Package hyperref Info: Backreferencing OFF on input line 4219.
Package hyperref Info: Implicit mode ON; LaTeX internals redefined.
Package hyperref Info: Bookmarks ON on input line 4466.
\c@Hy@tempcnt=\count307
 (/usr/local/texlive/2026/texmf-dist/tex/latex/url/url.sty
\Urlmuskip=\muskip18
Package: url 2013/09/16  ver 3.4  Verb mode for urls, etc.
)
LaTeX Info: Redefining \url on input line 4805.
\XeTeXLinkMargin=\dimen172
 (/usr/local/texlive/2026/texmf-dist/tex/generic/bitset/bitset.sty
Package: bitset 2019/12/09 v1.3 Handle bit-vector datatype (HO)
 (/usr/local/texlive/2026/texmf-dist/tex/generic/bigintcalc/bigintcalc.sty
Package: bigintcalc 2019/12/15 v1.5 Expandable calculations on big integers (HO)
))
\Fld@menulength=\count308
\Field@Width=\dimen173
\Fld@charsize=\dimen174
Package hyperref Info: Hyper figures OFF on input line 6091.
Package hyperref Info: Link nesting OFF on input line 6096.
Package hyperref Info: Hyper index ON on input line 6099.
Package hyperref Info: backreferencing OFF on input line 6106.
Package hyperref Info: Link coloring OFF on input line 6111.
Package hyperref Info: Link coloring with OCG OFF on input line 6116.
Package hyperref Info: PDF/A mode OFF on input line 6121.
\Hy@abspage=\count309
\c@Item=\count310
\c@Hfootnote=\count311
)
Package hyperref Info: Driver (autodetected): hpdftex.
 (/usr/local/texlive/2026/texmf-dist/tex/latex/hyperref/hpdftex.def
File: hpdftex.def 2026-06-17 v7.01r Hyperref driver for pdfTeX
\Fld@listcount=\count312
\c@bookmark@seq@number=\count313
 (/usr/local/texlive/2026/texmf-dist/tex/latex/rerunfilecheck/rerunfilecheck.sty
Package: rerunfilecheck 2025-06-21 v1.11 Rerun checks for auxiliary files (HO)
 (/usr/local/texlive/2026/texmf-dist/tex/generic/uniquecounter/uniquecounter.sty
Package: uniquecounter 2019/12/15 v1.4 Provide unlimited unique counter (HO)
)
Package uniquecounter Info: New unique counter `rerunfilecheck' on input line 284.
)
\Hy@SectionHShift=\skip54
) (/usr/local/texlive/2026/texmf-dist/tex/latex/l3kernel/l3backend-pdftex.def
File: l3backend-pdftex.def 2026-09-09 L3 backend support: PDF output (pdfTeX)
\l__color_backend_stack_int=\count314
) (./main.aux)
\openout1 = `main.aux'.

LaTeX Font Info:    Checking defaults for OML/cmm/m/it on input line 17.
LaTeX Font Info:    ... okay on input line 17.
LaTeX Font Info:    Checking defaults for OMS/cmsy/m/n on input line 17.
LaTeX Font Info:    ... okay on input line 17.
LaTeX Font Info:    Checking defaults for OT1/cmr/m/n on input line 17.
LaTeX Font Info:    ... okay on input line 17.
LaTeX Font Info:    Checking defaults for T1/cmr/m/n on input line 17.
LaTeX Font Info:    ... okay on input line 17.
LaTeX Font Info:    Checking defaults for TS1/cmr/m/n on input line 17.
LaTeX Font Info:    ... okay on input line 17.
LaTeX Font Info:    Checking defaults for OMX/cmex/m/n on input line 17.
LaTeX Font Info:    ... okay on input line 17.
LaTeX Font Info:    Checking defaults for U/cmr/m/n on input line 17.
LaTeX Font Info:    ... okay on input line 17.
LaTeX Font Info:    Checking defaults for PD1/pdf/m/n on input line 17.
LaTeX Font Info:    ... okay on input line 17.
LaTeX Font Info:    Checking defaults for PU/pdf/m/n on input line 17.
LaTeX Font Info:    ... okay on input line 17.
LaTeX Info: Redefining \. on input line 17.
LaTeX Info: Redefining \% on input line 17.
Package babel Info: 'spanish' activates 'spanish' shorthands.
(babel)             Reported on input line 17.
 (/usr/local/texlive/2026/texmf-dist/tex/context/base/mkii/supp-pdf.mkii
[Loading MPS to PDF converter (version 2006.09.02).]
\scratchcounter=\count315
\scratchdimen=\dimen175
\scratchbox=\box55
\nofMPsegments=\count316
\nofMParguments=\count317
\everyMPshowfont=\toks27
\MPscratchCnt=\count318
\MPscratchDim=\dimen176
\MPnumerator=\count319
\makeMPintoPDFobject=\count320
\everyMPtoPDFconversion=\toks28
) (/usr/local/texlive/2026/texmf-dist/tex/latex/epstopdf-pkg/epstopdf-base.sty
Package: epstopdf-base 2020-01-24 v2.11 Base part for package epstopdf
Package epstopdf-base Info: Redefining graphics rule for `.eps' on input line 485.
 (/usr/local/texlive/2026/texmf-dist/tex/latex/latexconfig/epstopdf-sys.cfg
File: epstopdf-sys.cfg 2010/07/13 v1.3 Configuration of (r)epstopdf for TeX Live
))
*geometry* driver: auto-detecting
*geometry* detected driver: pdftex
*geometry* verbose mode - [ preamble ] result:
* driver: pdftex
* paper: a4paper
* layout: <same size as paper>
* layoutoffset:(h,v)=(0.0pt,0.0pt)
* modes: 
* h-part:(L,W,R)=(71.13188pt, 455.24411pt, 71.13188pt)
* v-part:(T,H,B)=(71.13188pt, 702.78308pt, 71.13188pt)
* \paperwidth=597.50787pt
* \paperheight=845.04684pt
* \textwidth=455.24411pt
* \textheight=702.78308pt
* \oddsidemargin=-1.1381pt
* \evensidemargin=-1.1381pt
* \topmargin=-38.1381pt
* \headheight=12.0pt
* \headsep=25.0pt
* \topskip=12.0pt
* \footskip=30.0pt
* \marginparwidth=35.0pt
* \marginparsep=10.0pt
* \columnsep=10.0pt
* \skip\footins=10.8pt plus 4.0pt minus 2.0pt
* \hoffset=0.0pt
* \voffset=0.0pt
* \mag=1000
* \@twocolumnfalse
* \@twosidefalse
* \@mparswitchfalse
* \@reversemarginfalse
* (1in=72.27pt=25.4mm, 1cm=28.453pt)

Package hyperref Info: Link coloring OFF on input line 17.
\@outlinefile=\write3
\openout3 = `main.out'.

Package babel Info: Main language set to 'spanish'.
No file main.toc.
\tf@toc=\write4
\openout4 = `main.toc'.

<1.png, id=4, 1102.1175pt x 444.66125pt>
File: 1.png Graphic file (type png)
<use 1.png>
Package pdftex.def Info: 1.png  used on input line 30.
(pdftex.def)             Requested size: 364.19667pt x 146.93542pt.
<2.png, id=5, 1009.7725pt x 720.6925pt>
File: 2.png Graphic file (type png)
<use 2.png>
Package pdftex.def Info: 2.png  used on input line 37.
(pdftex.def)             Requested size: 364.19667pt x 259.93297pt.
<3.png, id=6, 1026.83624pt x 740.7675pt>
File: 3.png Graphic file (type png)
<use 3.png>
Package pdftex.def Info: 3.png  used on input line 45.
(pdftex.def)             Requested size: 364.19667pt x 262.73128pt.
<4.png, id=7, 864.22874pt x 628.3475pt>
File: 4.png Graphic file (type png)
<use 4.png>
Package pdftex.def Info: 4.png  used on input line 51.
(pdftex.def)             Requested size: 364.19667pt x 264.78622pt.
<5.png, id=8, 871.255pt x 672.5125pt>
File: 5.png Graphic file (type png)
<use 5.png>
Package pdftex.def Info: 5.png  used on input line 57.
(pdftex.def)             Requested size: 364.19667pt x 281.1193pt.
<6.png, id=9, 1138.2525pt x 604.2575pt>
File: 6.png Graphic file (type png)
<use 6.png>
Package pdftex.def Info: 6.png  used on input line 63.
(pdftex.def)             Requested size: 364.19667pt x 193.33868pt.
<7.png, id=10, 915.42pt x 551.05875pt>
File: 7.png Graphic file (type png)
<use 7.png>
Package pdftex.def Info: 7.png  used on input line 69.
(pdftex.def)             Requested size: 364.19667pt x 219.234pt.
<8.png, id=11, 1137.24875pt x 600.2425pt>
File: 8.png Graphic file (type png)
<use 8.png>
Package pdftex.def Info: 8.png  used on input line 75.
(pdftex.def)             Requested size: 364.19667pt x 192.22806pt.
<9.png, id=12, 980.66376pt x 628.3475pt>
File: 9.png Graphic file (type png)
<use 9.png>
Package pdftex.def Info: 9.png  used on input line 82.
(pdftex.def)             Requested size: 364.19667pt x 233.34784pt.
<10.png, id=13, 1331.97626pt x 896.34875pt>
File: 10.png Graphic file (type png)
<use 10.png>
Package pdftex.def Info: 10.png  used on input line 88.
(pdftex.def)             Requested size: 364.19667pt x 245.08109pt.
<11.png, id=14, 1307.88625pt x 895.345pt>
File: 11.png Graphic file (type png)
<use 11.png>
Package pdftex.def Info: 11.png  used on input line 94.
(pdftex.def)             Requested size: 364.19667pt x 249.31505pt.
<12.png, id=15, 1321.93875pt x 901.3675pt>
File: 12.png Graphic file (type png)
<use 12.png>
Package pdftex.def Info: 12.png  used on input line 100.
(pdftex.def)             Requested size: 364.19667pt x 248.32382pt.
<13.png, id=16, 1335.99126pt x 909.3975pt>
File: 13.png Graphic file (type png)
<use 13.png>
Package pdftex.def Info: 13.png  used on input line 106.
(pdftex.def)             Requested size: 364.19667pt x 247.89957pt.
<14.png, id=17, 1323.94624pt x 896.34875pt>
File: 14.png Graphic file (type png)
<use 14.png>
Package pdftex.def Info: 14.png  used on input line 112.
(pdftex.def)             Requested size: 364.19667pt x 246.5719pt.
<15.png, id=18, 1304.875pt x 896.34875pt>
File: 15.png Graphic file (type png)
<use 15.png>
Package pdftex.def Info: 15.png  used on input line 118.
(pdftex.def)             Requested size: 364.19667pt x 250.16899pt.
<16.png, id=19, 1324.95pt x 899.36pt>
File: 16.png Graphic file (type png)
<use 16.png>
Package pdftex.def Info: 16.png  used on input line 124.
(pdftex.def)             Requested size: 364.19667pt x 247.20811pt.
<17.png, id=20, 1331.97626pt x 896.34875pt>
File: 17.png Graphic file (type png)
<use 17.png>
Package pdftex.def Info: 17.png  used on input line 130.
(pdftex.def)             Requested size: 364.19667pt x 245.08109pt.
<18.png, id=21, 1310.8975pt x 885.3075pt>
File: 18.png Graphic file (type png)
<use 18.png>
Package pdftex.def Info: 18.png  used on input line 136.
(pdftex.def)             Requested size: 364.19667pt x 245.95267pt.
<19.png, id=22, 1314.9125pt x 906.38625pt>
File: 19.png Graphic file (type png)
<use 19.png>
Package pdftex.def Info: 19.png  used on input line 142.
(pdftex.def)             Requested size: 364.19667pt x 251.03418pt.
<20.png, id=23, 1309.89375pt x 903.375pt>
File: 20.png Graphic file (type png)
<use 20.png>
Package pdftex.def Info: 20.png  used on input line 148.
(pdftex.def)             Requested size: 364.19667pt x 251.16508pt.
<21.png, id=24, 1319.93124pt x 903.375pt>
File: 21.png Graphic file (type png)
<use 21.png>
Package pdftex.def Info: 21.png  used on input line 155.
(pdftex.def)             Requested size: 364.19667pt x 249.26285pt.
<22.png, id=25, 1316.92pt x 898.35625pt>
File: 22.png Graphic file (type png)
<use 22.png>
Package pdftex.def Info: 22.png  used on input line 161.
(pdftex.def)             Requested size: 364.19667pt x 248.44006pt.
<23.png, id=26, 1319.93124pt x 903.375pt>
File: 23.png Graphic file (type png)
<use 23.png>
Package pdftex.def Info: 23.png  used on input line 167.
(pdftex.def)             Requested size: 364.19667pt x 249.26285pt.
<24.png, id=27, 1329.96875pt x 919.435pt>
File: 24.png Graphic file (type png)
<use 24.png>
Package pdftex.def Info: 24.png  used on input line 173.
(pdftex.def)             Requested size: 364.19667pt x 251.77216pt.
<25.png, id=28, 1315.91624pt x 898.35625pt>
File: 25.png Graphic file (type png)
<use 25.png>
Package pdftex.def Info: 25.png  used on input line 181.
(pdftex.def)             Requested size: 364.19667pt x 248.63197pt.
<26.png, id=29, 1302.8675pt x 910.40125pt>
File: 26.png Graphic file (type png)
<use 26.png>
Package pdftex.def Info: 26.png  used on input line 187.
(pdftex.def)             Requested size: 364.19667pt x 254.47997pt.
<27.png, id=30, 1316.92pt x 912.40875pt>
File: 27.png Graphic file (type png)
<use 27.png>
Package pdftex.def Info: 27.png  used on input line 193.
(pdftex.def)             Requested size: 364.19667pt x 252.32628pt.
<28.png, id=31, 1321.93875pt x 923.45pt>
File: 28.png Graphic file (type png)
<use 28.png>
Package pdftex.def Info: 28.png  used on input line 199.
(pdftex.def)             Requested size: 364.19667pt x 254.40747pt.
<29.png, id=32, 1329.96875pt x 913.4125pt>
File: 29.png Graphic file (type png)
<use 29.png>
Package pdftex.def Info: 29.png  used on input line 206.
(pdftex.def)             Requested size: 364.19667pt x 250.12299pt.
<30.png, id=33, 1317.92375pt x 896.34875pt>
File: 30.png Graphic file (type png)
<use 30.png>
Package pdftex.def Info: 30.png  used on input line 213.
(pdftex.def)             Requested size: 364.19667pt x 247.69342pt.
<31.png, id=34, 1341.01pt x 910.40125pt>
File: 31.png Graphic file (type png)
<use 31.png>
Package pdftex.def Info: 31.png  used on input line 219.
(pdftex.def)             Requested size: 364.19667pt x 247.24245pt.
<32.png, id=35, 1354.05875pt x 903.375pt>
File: 32.png Graphic file (type png)
<use 32.png>
Package pdftex.def Info: 32.png  used on input line 225.
(pdftex.def)             Requested size: 364.19667pt x 242.97717pt.
<33.png, id=36, 568.1225pt x 174.6525pt>
File: 33.png Graphic file (type png)
<use 33.png>
Package pdftex.def Info: 33.png  used on input line 231.
(pdftex.def)             Requested size: 364.19667pt x 111.96643pt.
<34.png, id=37, 1314.9125pt x 916.42375pt>
File: 34.png Graphic file (type png)
<use 34.png>
Package pdftex.def Info: 34.png  used on input line 237.
(pdftex.def)             Requested size: 364.19667pt x 253.8142pt.
<35.png, id=38, 1321.93875pt x 913.4125pt>
File: 35.png Graphic file (type png)
<use 35.png>
Package pdftex.def Info: 35.png  used on input line 243.
(pdftex.def)             Requested size: 364.19667pt x 251.64218pt.
<36.png, id=39, 1321.93875pt x 893.3375pt>
File: 36.png Graphic file (type png)
<use 36.png>
Package pdftex.def Info: 36.png  used on input line 250.
(pdftex.def)             Requested size: 364.19667pt x 246.11159pt.
[1

{/usr/local/texlive/2026/texmf-var/fonts/map/pdftex/updmap/pdftex.map}{/usr/local/texlive/2026/texmf-dist/fonts/enc/dvips/cm-super/cm-super-t1.enc} <./1.png (PNG copy)>]
<37.png, id=54, 465.74pt x 98.3675pt>
File: 37.png Graphic file (type png)
<use 37.png>
Package pdftex.def Info: 37.png  used on input line 256.
(pdftex.def)             Requested size: 364.19667pt x 76.92294pt.
<38.png, id=55, 527.9725pt x 90.3375pt>
File: 38.png Graphic file (type png)
<use 38.png>
Package pdftex.def Info: 38.png  used on input line 262.
(pdftex.def)             Requested size: 364.19667pt x 62.315pt.
<39.png, id=56, 744.7825pt x 293.095pt>
File: 39.png Graphic file (type png)
<use 39.png>
Package pdftex.def Info: 39.png  used on input line 268.
(pdftex.def)             Requested size: 364.19667pt x 143.3271pt.
<40.png, id=57, 357.335pt x 92.345pt>
File: 40.png Graphic file (type png)
<use 40.png>
Package pdftex.def Info: 40.png  used on input line 274.
(pdftex.def)             Requested size: 364.19667pt x 94.123pt.
<41.png, id=58, 538.01pt x 191.71625pt>
File: 41.png Graphic file (type png)
<use 41.png>
Package pdftex.def Info: 41.png  used on input line 281.
(pdftex.def)             Requested size: 364.19667pt x 129.78024pt.
<42.png, id=59, 1311.90125pt x 895.345pt>
File: 42.png Graphic file (type png)
<use 42.png>
Package pdftex.def Info: 42.png  used on input line 287.
(pdftex.def)             Requested size: 364.19667pt x 248.54997pt.
<43.png, id=60, 1057.9525pt x 392.46625pt>
File: 43.png Graphic file (type png)
<use 43.png>
Package pdftex.def Info: 43.png  used on input line 295.
(pdftex.def)             Requested size: 364.19667pt x 135.10156pt.
<44.png, id=61, 1313.90875pt x 924.45375pt>
File: 44.png Graphic file (type png)
<use 44.png>
Package pdftex.def Info: 44.png  used on input line 301.
(pdftex.def)             Requested size: 364.19667pt x 256.24977pt.
<45.png, id=62, 499.8675pt x 282.05376pt>
File: 45.png Graphic file (type png)
<use 45.png>
Package pdftex.def Info: 45.png  used on input line 307.
(pdftex.def)             Requested size: 364.19667pt x 205.50587pt.
<46.png, id=63, 1072.005pt x 581.17125pt>
File: 46.png Graphic file (type png)
<use 46.png>
Package pdftex.def Info: 46.png  used on input line 313.
(pdftex.def)             Requested size: 364.19667pt x 197.43599pt.
<47.png, id=64, 1321.93875pt x 910.40125pt>
File: 47.png Graphic file (type png)
<use 47.png>
Package pdftex.def Info: 47.png  used on input line 319.
(pdftex.def)             Requested size: 364.19667pt x 250.81259pt.
<48.png, id=65, 1315.91624pt x 885.3075pt>
File: 48.png Graphic file (type png)
<use 48.png>
Package pdftex.def Info: 48.png  used on input line 326.
(pdftex.def)             Requested size: 364.19667pt x 245.02057pt.
<49.png, id=66, 1062.97125pt x 559.08875pt>
File: 49.png Graphic file (type png)
<use 49.png>
Package pdftex.def Info: 49.png  used on input line 332.
(pdftex.def)             Requested size: 364.19667pt x 191.55498pt.
<50.png, id=67, 1351.0475pt x 899.36pt>
File: 50.png Graphic file (type png)
<use 50.png>
Package pdftex.def Info: 50.png  used on input line 338.
(pdftex.def)             Requested size: 364.19667pt x 242.43246pt.
<51.png, id=68, 1314.9125pt x 896.34875pt>
File: 51.png Graphic file (type png)
<use 51.png>
Package pdftex.def Info: 51.png  used on input line 344.
(pdftex.def)             Requested size: 364.19667pt x 248.25418pt.
<52.png, id=69, 842.14626pt x 262.9825pt>
File: 52.png Graphic file (type png)
<use 52.png>
Package pdftex.def Info: 52.png  used on input line 350.
(pdftex.def)             Requested size: 364.19667pt x 113.73033pt.
<53.png, id=70, 791.95876pt x 536.0025pt>
File: 53.png Graphic file (type png)
<use 53.png>
Package pdftex.def Info: 53.png  used on input line 357.
(pdftex.def)             Requested size: 364.19667pt x 246.49052pt.


/home/portgas/Desktop/IABD/BDA/Practicas Nifi/main.tex:361: LaTeX Error: Too many unprocessed floats.

See the LaTeX manual or LaTeX Companion for explanation.
Type  H <return>  for immediate help.
 ...                                              
                                                  
l.361 \begin{figure}[ht]
                        
You've lost some text.  Try typing  <return>  to proceed.
If that doesn't work, type  X <return>  to quit.

/home/portgas/Desktop/IABD/BDA/Practicas Nifi/main.tex:361: Undefined control sequence.
\@xfloat ...@fltovf \fi \global \setbox \@currbox 
                                                  \color@vbox \normalcolor \...
l.361 \begin{figure}[ht]
                        
The control sequence at the end of the top line
of your error message was never \def'ed. If you have
misspelled it (e.g., `\hobx'), type `I' and the correct
spelling (e.g., `I\hbox'). Otherwise just continue,
and I'll forget about whatever was undefined.

/home/portgas/Desktop/IABD/BDA/Practicas Nifi/main.tex:361: Missing number, treated as zero.
<to be read again> 
                   \vbox 
l.361 \begin{figure}[ht]
                        
A number should have been here; I inserted `0'.
(If you can't figure out why I needed to see a number,
look up `weird error' in the index to The TeXbook.)

<54.png, id=71, 1057.9525pt x 568.1225pt>
File: 54.png Graphic file (type png)
<use 54.png>
Package pdftex.def Info: 54.png  used on input line 363.
(pdftex.def)             Requested size: 364.19667pt x 195.56902pt.
/home/portgas/Desktop/IABD/BDA/Practicas Nifi/main.tex:366: Undefined control sequence.
\@largefloatcheck ->\ifdim \ht \@currbox 
                                         >\textheight \@tempdima -\textheigh...
l.366 \end{figure}
                  
The control sequence at the end of the top line
of your error message was never \def'ed. If you have
misspelled it (e.g., `\hobx'), type `I' and the correct
spelling (e.g., `I\hbox'). Otherwise just continue,
and I'll forget about whatever was undefined.

/home/portgas/Desktop/IABD/BDA/Practicas Nifi/main.tex:366: Missing number, treated as zero.
<to be read again> 
                   >
l.366 \end{figure}
                  
A number should have been here; I inserted `0'.
(If you can't figure out why I needed to see a number,
look up `weird error' in the index to The TeXbook.)

/home/portgas/Desktop/IABD/BDA/Practicas Nifi/main.tex:366: Undefined control sequence.
<argument> \@currbox 
                     
l.366 \end{figure}
                  
The control sequence at the end of the top line
of your error message was never \def'ed. If you have
misspelled it (e.g., `\hobx'), type `I' and the correct
spelling (e.g., `I\hbox'). Otherwise just continue,
and I'll forget about whatever was undefined.

/home/portgas/Desktop/IABD/BDA/Practicas Nifi/main.tex:366: Argument of \@xnext has an extra }.
<inserted text> 
                \par 
l.366 \end{figure}
                  
I've run across a `}' that doesn't seem to match anything.
For example, `\def\a#1{...}' and `\a}' would produce
this error. If you simply proceed now, the `\par' that
I've just inserted will cause me to report a runaway
argument that might be the root of the problem. But if
your `}' was spurious, just type `2' and it will go away.

Runaway argument?
\@currbox \@currlist \ifnum \count \@currbox >\z@ \advance \@pageht \@pagedp \ETC.
/home/portgas/Desktop/IABD/BDA/Practicas Nifi/main.tex:366: Paragraph ended before \@xnext was complete.
<to be read again> 
                   \par 
l.366 \end{figure}
                  
I suspect you've forgotten a `}', causing me to apply this
control sequence to too much text. How can we recover?
My plan is to forget the whole thing and hope for the best.

/home/portgas/Desktop/IABD/BDA/Practicas Nifi/main.tex:366: Extra \else.
\end@float ...pdima \penalty \@floatpenalty \else 
                                                  \vadjust {\penalty -\@Miv ...
l.366 \end{figure}
                  
I'm ignoring this; it doesn't match any \if.

/home/portgas/Desktop/IABD/BDA/Practicas Nifi/main.tex:366: You can't use `\vadjust' in vertical mode.
\end@float ...nalty \@floatpenalty \else \vadjust 
                                                  {\penalty -\@Miv \vbox {}\...
l.366 \end{figure}
                  
Sorry, but I'm not programmed to handle this case;
I'll just pretend that you didn't ask for it.
If you're in the wrong mode, you might be able to
return to the right one by typing `I}' or `I$' or `I\par'.

/home/portgas/Desktop/IABD/BDA/Practicas Nifi/main.tex:366: Argument of \@xnext has an extra }.
<inserted text> 
                \par 
l.366 \end{figure}
                  
I've run across a `}' that doesn't seem to match anything.
For example, `\def\a#1{...}' and `\a}' would produce
this error. If you simply proceed now, the `\par' that
I've just inserted will cause me to report a runaway
argument that might be the root of the problem. But if
your `}' was spurious, just type `2' and it will go away.

Runaway argument?
\@currbox \@currlist \ifnum \count \@currbox >\z@ \advance \@pageht \@pagedp \ETC.
/home/portgas/Desktop/IABD/BDA/Practicas Nifi/main.tex:366: Paragraph ended before \@xnext was complete.
<to be read again> 
                   \par 
l.366 \end{figure}
                  
I suspect you've forgotten a `}', causing me to apply this
control sequence to too much text. How can we recover?
My plan is to forget the whole thing and hope for the best.


/home/portgas/Desktop/IABD/BDA/Practicas Nifi/main.tex:368: LaTeX Error: Too many unprocessed floats.

See the LaTeX manual or LaTeX Companion for explanation.
Type  H <return>  for immediate help.
 ...                                              
                                                  
l.368 \begin{figure}[ht]
                        
You've lost some text.  Try typing  <return>  to proceed.
If that doesn't work, type  X <return>  to quit.

/home/portgas/Desktop/IABD/BDA/Practicas Nifi/main.tex:368: Undefined control sequence.
\@xfloat ...@fltovf \fi \global \setbox \@currbox 
                                                  \color@vbox \normalcolor \...
l.368 \begin{figure}[ht]
                        
The control sequence at the end of the top line
of your error message was never \def'ed. If you have
misspelled it (e.g., `\hobx'), type `I' and the correct
spelling (e.g., `I\hbox'). Otherwise just continue,
and I'll forget about whatever was undefined.

/home/portgas/Desktop/IABD/BDA/Practicas Nifi/main.tex:368: Missing number, treated as zero.
<to be read again> 
                   \vbox 
l.368 \begin{figure}[ht]
                        
A number should have been here; I inserted `0'.
(If you can't figure out why I needed to see a number,
look up `weird error' in the index to The TeXbook.)

<57.png, id=72, 855.195pt x 395.4775pt>
File: 57.png Graphic file (type png)
<use 57.png>
Package pdftex.def Info: 57.png  used on input line 370.
(pdftex.def)             Requested size: 364.19667pt x 168.41666pt.
/home/portgas/Desktop/IABD/BDA/Practicas Nifi/main.tex:373: Undefined control sequence.
\@largefloatcheck ->\ifdim \ht \@currbox 
                                         >\textheight \@tempdima -\textheigh...
l.373 \end{figure}
                  
The control sequence at the end of the top line
of your error message was never \def'ed. If you have
misspelled it (e.g., `\hobx'), type `I' and the correct
spelling (e.g., `I\hbox'). Otherwise just continue,
and I'll forget about whatever was undefined.

/home/portgas/Desktop/IABD/BDA/Practicas Nifi/main.tex:373: Missing number, treated as zero.
<to be read again> 
                   >
l.373 \end{figure}
                  
A number should have been here; I inserted `0'.
(If you can't figure out why I needed to see a number,
look up `weird error' in the index to The TeXbook.)

/home/portgas/Desktop/IABD/BDA/Practicas Nifi/main.tex:373: Undefined control sequence.
<argument> \@currbox 
                     
l.373 \end{figure}
                  
The control sequence at the end of the top line
of your error message was never \def'ed. If you have
misspelled it (e.g., `\hobx'), type `I' and the correct
spelling (e.g., `I\hbox'). Otherwise just continue,
and I'll forget about whatever was undefined.

/home/portgas/Desktop/IABD/BDA/Practicas Nifi/main.tex:373: Missing number, treated as zero.
<to be read again> 
                   \@elt 
l.373 \end{figure}
                  
A number should have been here; I inserted `0'.
(If you can't figure out why I needed to see a number,
look up `weird error' in the index to The TeXbook.)

/home/portgas/Desktop/IABD/BDA/Practicas Nifi/main.tex:373: Missing = inserted for \ifnum.
<to be read again> 
                   \@elt 
l.373 \end{figure}
                  
I was expecting to see `<', `=', or `>'. Didn't.

/home/portgas/Desktop/IABD/BDA/Practicas Nifi/main.tex:373: Missing number, treated as zero.
<to be read again> 
                   \@elt 
l.373 \end{figure}
                  
A number should have been here; I inserted `0'.
(If you can't figure out why I needed to see a number,
look up `weird error' in the index to The TeXbook.)


/home/portgas/Desktop/IABD/BDA/Practicas Nifi/main.tex:373: LaTeX Error: This may be a LaTeX bug.

See the LaTeX manual or LaTeX Companion for explanation.
Type  H <return>  for immediate help.
 ...                                              
                                                  
l.373 \end{figure}
                  
Call for help

/home/portgas/Desktop/IABD/BDA/Practicas Nifi/main.tex:373: Undefined control sequence.
\@addmarginpar ...advance \@tempdima \ht \@marbox 
                                                  \ifdim \@tempdima >\z@ \@l...
l.373 \end{figure}
                  
The control sequence at the end of the top line
of your error message was never \def'ed. If you have
misspelled it (e.g., `\hobx'), type `I' and the correct
spelling (e.g., `I\hbox'). Otherwise just continue,
and I'll forget about whatever was undefined.

/home/portgas/Desktop/IABD/BDA/Practicas Nifi/main.tex:373: Bad register code (-25921945).
\@addmarginpar ...e \space moved}\else \@tempdima 
                                                  \z@ \fi \global \@mparbott...
l.373 \end{figure}
                  
A register number must be between 0 and 32767.
I changed this one to zero.

/home/portgas/Desktop/IABD/BDA/Practicas Nifi/main.tex:373: Missing number, treated as zero.
<to be read again> 
                   \global 
l.373 \end{figure}
                  
A number should have been here; I inserted `0'.
(If you can't figure out why I needed to see a number,
look up `weird error' in the index to The TeXbook.)

/home/portgas/Desktop/IABD/BDA/Practicas Nifi/main.tex:373: Illegal unit of measure (pt inserted).
<to be read again> 
                   \global 
l.373 \end{figure}
                  
Dimensions can be in units of em, ex, in, pt, pc,
cm, mm, dd, cc, nd, nc, bp, or sp; but yours is a new one!
I'll assume that you meant to say pt, for printer's points.
To recover gracefully from this error, it's best to
delete the erroneous units; e.g., type `2' to delete
two letters. (See Chapter 27 of The TeXbook.)

/home/portgas/Desktop/IABD/BDA/Practicas Nifi/main.tex:373: Undefined control sequence.
\@addmarginpar ...vance \@mparbottom \dp \@marbox 
                                                  \global \advance \@mparbot...
l.373 \end{figure}
                  
The control sequence at the end of the top line
of your error message was never \def'ed. If you have
misspelled it (e.g., `\hobx'), type `I' and the correct
spelling (e.g., `I\hbox'). Otherwise just continue,
and I'll forget about whatever was undefined.

/home/portgas/Desktop/IABD/BDA/Practicas Nifi/main.tex:373: Missing number, treated as zero.
<to be read again> 
                   \global 
l.373 \end{figure}
                  
A number should have been here; I inserted `0'.
(If you can't figure out why I needed to see a number,
look up `weird error' in the index to The TeXbook.)

/home/portgas/Desktop/IABD/BDA/Practicas Nifi/main.tex:373: Undefined control sequence.
\@addmarginpar ...dvance \@tempdima -\ht \@marbox 
                                                  \global \setbox \@marbox \...
l.373 \end{figure}
                  
The control sequence at the end of the top line
of your error message was never \def'ed. If you have
misspelled it (e.g., `\hobx'), type `I' and the correct
spelling (e.g., `I\hbox'). Otherwise just continue,
and I'll forget about whatever was undefined.

/home/portgas/Desktop/IABD/BDA/Practicas Nifi/main.tex:373: Missing number, treated as zero.
<to be read again> 
                   \global 
l.373 \end{figure}
                  
A number should have been here; I inserted `0'.
(If you can't figure out why I needed to see a number,
look up `weird error' in the index to The TeXbook.)

/home/portgas/Desktop/IABD/BDA/Practicas Nifi/main.tex:373: Undefined control sequence.
\@addmarginpar ...marbox \global \setbox \@marbox 
                                                  \vbox {\vskip \@tempdima \...
l.373 \end{figure}
                  
The control sequence at the end of the top line
of your error message was never \def'ed. If you have
misspelled it (e.g., `\hobx'), type `I' and the correct
spelling (e.g., `I\hbox'). Otherwise just continue,
and I'll forget about whatever was undefined.

/home/portgas/Desktop/IABD/BDA/Practicas Nifi/main.tex:373: Missing number, treated as zero.
<to be read again> 
                   \vbox 
l.373 \end{figure}
                  
A number should have been here; I inserted `0'.
(If you can't figure out why I needed to see a number,
look up `weird error' in the index to The TeXbook.)

/home/portgas/Desktop/IABD/BDA/Practicas Nifi/main.tex:373: Undefined control sequence.
\@addmarginpar ...\vskip \@tempdima \box \@marbox 
                                                  }\global \ht \@marbox \z@ ...
l.373 \end{figure}
                  
The control sequence at the end of the top line
of your error message was never \def'ed. If you have
misspelled it (e.g., `\hobx'), type `I' and the correct
spelling (e.g., `I\hbox'). Otherwise just continue,
and I'll forget about whatever was undefined.

/home/portgas/Desktop/IABD/BDA/Practicas Nifi/main.tex:373: Missing number, treated as zero.
<to be read again> 
                   }
l.373 \end{figure}
                  
A number should have been here; I inserted `0'.
(If you can't figure out why I needed to see a number,
look up `weird error' in the index to The TeXbook.)

/home/portgas/Desktop/IABD/BDA/Practicas Nifi/main.tex:373: Undefined control sequence.
\@addmarginpar ... \@marbox }\global \ht \@marbox 
                                                  \z@ \global \dp \@marbox \...
l.373 \end{figure}
                  
The control sequence at the end of the top line
of your error message was never \def'ed. If you have
misspelled it (e.g., `\hobx'), type `I' and the correct
spelling (e.g., `I\hbox'). Otherwise just continue,
and I'll forget about whatever was undefined.

/home/portgas/Desktop/IABD/BDA/Practicas Nifi/main.tex:373: Missing number, treated as zero.
<to be read again> 
                   \global 
l.373 \end{figure}
                  
A number should have been here; I inserted `0'.
(If you can't figure out why I needed to see a number,
look up `weird error' in the index to The TeXbook.)

/home/portgas/Desktop/IABD/BDA/Practicas Nifi/main.tex:373: Illegal unit of measure (pt inserted).
<to be read again> 
                   \global 
l.373 \end{figure}
                  
Dimensions can be in units of em, ex, in, pt, pc,
cm, mm, dd, cc, nd, nc, bp, or sp; but yours is a new one!
I'll assume that you meant to say pt, for printer's points.
To recover gracefully from this error, it's best to
delete the erroneous units; e.g., type `2' to delete
two letters. (See Chapter 27 of The TeXbook.)

/home/portgas/Desktop/IABD/BDA/Practicas Nifi/main.tex:373: Undefined control sequence.
\@addmarginpar ...marbox \z@ \global \dp \@marbox 
                                                  \z@ \kern -\@pagedp \noint...
l.373 \end{figure}
                  
The control sequence at the end of the top line
of your error message was never \def'ed. If you have
misspelled it (e.g., `\hobx'), type `I' and the correct
spelling (e.g., `I\hbox'). Otherwise just continue,
and I'll forget about whatever was undefined.

/home/portgas/Desktop/IABD/BDA/Practicas Nifi/main.tex:373: Missing number, treated as zero.
<to be read again> 
                   \kern 
l.373 \end{figure}
                  
A number should have been here; I inserted `0'.
(If you can't figure out why I needed to see a number,
look up `weird error' in the index to The TeXbook.)

/home/portgas/Desktop/IABD/BDA/Practicas Nifi/main.tex:373: Illegal unit of measure (pt inserted).
<to be read again> 
                   \kern 
l.373 \end{figure}
                  
Dimensions can be in units of em, ex, in, pt, pc,
cm, mm, dd, cc, nd, nc, bp, or sp; but yours is a new one!
I'll assume that you meant to say pt, for printer's points.
To recover gracefully from this error, it's best to
delete the erroneous units; e.g., type `2' to delete
two letters. (See Chapter 27 of The TeXbook.)

/home/portgas/Desktop/IABD/BDA/Practicas Nifi/main.tex:373: Undefined control sequence.
\@addmarginpar ...arginparwidth \fi \box \@marbox 
                                                  \hss }\nointerlineskip \hb...
l.373 \end{figure}
                  
The control sequence at the end of the top line
of your error message was never \def'ed. If you have
misspelled it (e.g., `\hobx'), type `I' and the correct
spelling (e.g., `I\hbox'). Otherwise just continue,
and I'll forget about whatever was undefined.

/home/portgas/Desktop/IABD/BDA/Practicas Nifi/main.tex:373: Missing number, treated as zero.
<to be read again> 
                   \hss 
l.373 \end{figure}
                  
A number should have been here; I inserted `0'.
(If you can't figure out why I needed to see a number,
look up `weird error' in the index to The TeXbook.)


/home/portgas/Desktop/IABD/BDA/Practicas Nifi/main.tex:374: LaTeX Error: Too many unprocessed floats.

See the LaTeX manual or LaTeX Companion for explanation.
Type  H <return>  for immediate help.
 ...                                              
                                                  
l.374 \begin{figure}[ht]
                        
You've lost some text.  Try typing  <return>  to proceed.
If that doesn't work, type  X <return>  to quit.

/home/portgas/Desktop/IABD/BDA/Practicas Nifi/main.tex:374: Undefined control sequence.
\@xfloat ...@fltovf \fi \global \setbox \@currbox 
                                                  \color@vbox \normalcolor \...
l.374 \begin{figure}[ht]
                        
The control sequence at the end of the top line
of your error message was never \def'ed. If you have
misspelled it (e.g., `\hobx'), type `I' and the correct
spelling (e.g., `I\hbox'). Otherwise just continue,
and I'll forget about whatever was undefined.

/home/portgas/Desktop/IABD/BDA/Practicas Nifi/main.tex:374: Missing number, treated as zero.
<to be read again> 
                   \vbox 
l.374 \begin{figure}[ht]
                        
A number should have been here; I inserted `0'.
(If you can't figure out why I needed to see a number,
look up `weird error' in the index to The TeXbook.)

<55.png, id=73, 799.98875pt x 570.13pt>
File: 55.png Graphic file (type png)
<use 55.png>
Package pdftex.def Info: 55.png  used on input line 376.
(pdftex.def)             Requested size: 364.19667pt x 259.55745pt.
/home/portgas/Desktop/IABD/BDA/Practicas Nifi/main.tex:379: Undefined control sequence.
\@largefloatcheck ->\ifdim \ht \@currbox 
                                         >\textheight \@tempdima -\textheigh...
l.379 \end{figure}
                  
The control sequence at the end of the top line
of your error message was never \def'ed. If you have
misspelled it (e.g., `\hobx'), type `I' and the correct
spelling (e.g., `I\hbox'). Otherwise just continue,
and I'll forget about whatever was undefined.

/home/portgas/Desktop/IABD/BDA/Practicas Nifi/main.tex:379: Missing number, treated as zero.
<to be read again> 
                   >
l.379 \end{figure}
                  
A number should have been here; I inserted `0'.
(If you can't figure out why I needed to see a number,
look up `weird error' in the index to The TeXbook.)

/home/portgas/Desktop/IABD/BDA/Practicas Nifi/main.tex:379: Undefined control sequence.
<argument> \@currbox 
                     
l.379 \end{figure}
                  
The control sequence at the end of the top line
of your error message was never \def'ed. If you have
misspelled it (e.g., `\hobx'), type `I' and the correct
spelling (e.g., `I\hbox'). Otherwise just continue,
and I'll forget about whatever was undefined.

/home/portgas/Desktop/IABD/BDA/Practicas Nifi/main.tex:379: Argument of \@xnext has an extra }.
<inserted text> 
                \par 
l.379 \end{figure}
                  
I've run across a `}' that doesn't seem to match anything.
For example, `\def\a#1{...}' and `\a}' would produce
this error. If you simply proceed now, the `\par' that
I've just inserted will cause me to report a runaway
argument that might be the root of the problem. But if
your `}' was spurious, just type `2' and it will go away.

Runaway argument?
\@currbox \@currlist \ifnum \count \@currbox >\z@ \advance \@pageht \@pagedp \ETC.
/home/portgas/Desktop/IABD/BDA/Practicas Nifi/main.tex:379: Paragraph ended before \@xnext was complete.
<to be read again> 
                   \par 
l.379 \end{figure}
                  
I suspect you've forgotten a `}', causing me to apply this
control sequence to too much text. How can we recover?
My plan is to forget the whole thing and hope for the best.

/home/portgas/Desktop/IABD/BDA/Practicas Nifi/main.tex:379: Extra \else.
\end@float ...pdima \penalty \@floatpenalty \else 
                                                  \vadjust {\penalty -\@Miv ...
l.379 \end{figure}
                  
I'm ignoring this; it doesn't match any \if.

/home/portgas/Desktop/IABD/BDA/Practicas Nifi/main.tex:379: You can't use `\vadjust' in vertical mode.
\end@float ...nalty \@floatpenalty \else \vadjust 
                                                  {\penalty -\@Miv \vbox {}\...
l.379 \end{figure}
                  
Sorry, but I'm not programmed to handle this case;
I'll just pretend that you didn't ask for it.
If you're in the wrong mode, you might be able to
return to the right one by typing `I}' or `I$' or `I\par'.

/home/portgas/Desktop/IABD/BDA/Practicas Nifi/main.tex:379: Argument of \@xnext has an extra }.
<inserted text> 
                \par 
l.379 \end{figure}
                  
I've run across a `}' that doesn't seem to match anything.
For example, `\def\a#1{...}' and `\a}' would produce
this error. If you simply proceed now, the `\par' that
I've just inserted will cause me to report a runaway
argument that might be the root of the problem. But if
your `}' was spurious, just type `2' and it will go away.

Runaway argument?
\@currbox \@currlist \ifnum \count \@currbox >\z@ \advance \@pageht \@pagedp \ETC.
/home/portgas/Desktop/IABD/BDA/Practicas Nifi/main.tex:379: Paragraph ended before \@xnext was complete.
<to be read again> 
                   \par 
l.379 \end{figure}
                  
I suspect you've forgotten a `}', causing me to apply this
control sequence to too much text. How can we recover?
My plan is to forget the whole thing and hope for the best.


/home/portgas/Desktop/IABD/BDA/Practicas Nifi/main.tex:380: LaTeX Error: Too many unprocessed floats.

See the LaTeX manual or LaTeX Companion for explanation.
Type  H <return>  for immediate help.
 ...                                              
                                                  
l.380 \begin{figure}[ht]
                        
You've lost some text.  Try typing  <return>  to proceed.
If that doesn't work, type  X <return>  to quit.

/home/portgas/Desktop/IABD/BDA/Practicas Nifi/main.tex:380: Undefined control sequence.
\@xfloat ...@fltovf \fi \global \setbox \@currbox 
                                                  \color@vbox \normalcolor \...
l.380 \begin{figure}[ht]
                        
The control sequence at the end of the top line
of your error message was never \def'ed. If you have
misspelled it (e.g., `\hobx'), type `I' and the correct
spelling (e.g., `I\hbox'). Otherwise just continue,
and I'll forget about whatever was undefined.

/home/portgas/Desktop/IABD/BDA/Practicas Nifi/main.tex:380: Missing number, treated as zero.
<to be read again> 
                   \vbox 
l.380 \begin{figure}[ht]
                        
A number should have been here; I inserted `0'.
(If you can't figure out why I needed to see a number,
look up `weird error' in the index to The TeXbook.)

<56.png, id=74, 808.01875pt x 561.09625pt>
File: 56.png Graphic file (type png)
<use 56.png>
Package pdftex.def Info: 56.png  used on input line 382.
(pdftex.def)             Requested size: 364.19667pt x 252.90193pt.
/home/portgas/Desktop/IABD/BDA/Practicas Nifi/main.tex:385: Undefined control sequence.
\@largefloatcheck ->\ifdim \ht \@currbox 
                                         >\textheight \@tempdima -\textheigh...
l.385 \end{figure}
                  
The control sequence at the end of the top line
of your error message was never \def'ed. If you have
misspelled it (e.g., `\hobx'), type `I' and the correct
spelling (e.g., `I\hbox'). Otherwise just continue,
and I'll forget about whatever was undefined.

/home/portgas/Desktop/IABD/BDA/Practicas Nifi/main.tex:385: Missing number, treated as zero.
<to be read again> 
                   >
l.385 \end{figure}
                  
A number should have been here; I inserted `0'.
(If you can't figure out why I needed to see a number,
look up `weird error' in the index to The TeXbook.)

/home/portgas/Desktop/IABD/BDA/Practicas Nifi/main.tex:385: Undefined control sequence.
<argument> \@currbox 
                     
l.385 \end{figure}
                  
The control sequence at the end of the top line
of your error message was never \def'ed. If you have
misspelled it (e.g., `\hobx'), type `I' and the correct
spelling (e.g., `I\hbox'). Otherwise just continue,
and I'll forget about whatever was undefined.

/home/portgas/Desktop/IABD/BDA/Practicas Nifi/main.tex:385: Missing number, treated as zero.
<to be read again> 
                   \@elt 
l.385 \end{figure}
                  
A number should have been here; I inserted `0'.
(If you can't figure out why I needed to see a number,
look up `weird error' in the index to The TeXbook.)

/home/portgas/Desktop/IABD/BDA/Practicas Nifi/main.tex:385: Missing = inserted for \ifnum.
<to be read again> 
                   \@elt 
l.385 \end{figure}
                  
I was expecting to see `<', `=', or `>'. Didn't.

/home/portgas/Desktop/IABD/BDA/Practicas Nifi/main.tex:385: Missing number, treated as zero.
<to be read again> 
                   \@elt 
l.385 \end{figure}
                  
A number should have been here; I inserted `0'.
(If you can't figure out why I needed to see a number,
look up `weird error' in the index to The TeXbook.)


/home/portgas/Desktop/IABD/BDA/Practicas Nifi/main.tex:385: LaTeX Error: This may be a LaTeX bug.

See the LaTeX manual or LaTeX Companion for explanation.
Type  H <return>  for immediate help.
 ...                                              
                                                  
l.385 \end{figure}
                  
Call for help

/home/portgas/Desktop/IABD/BDA/Practicas Nifi/main.tex:385: Undefined control sequence.
\@addmarginpar ...advance \@tempdima \ht \@marbox 
                                                  \ifdim \@tempdima >\z@ \@l...
l.385 \end{figure}
                  
The control sequence at the end of the top line
of your error message was never \def'ed. If you have
misspelled it (e.g., `\hobx'), type `I' and the correct
spelling (e.g., `I\hbox'). Otherwise just continue,
and I'll forget about whatever was undefined.

/home/portgas/Desktop/IABD/BDA/Practicas Nifi/main.tex:385: Bad register code (-12667327).
\@addmarginpar ...e \space moved}\else \@tempdima 
                                                  \z@ \fi \global \@mparbott...
l.385 \end{figure}
                  
A register number must be between 0 and 32767.
I changed this one to zero.

/home/portgas/Desktop/IABD/BDA/Practicas Nifi/main.tex:385: Missing number, treated as zero.
<to be read again> 
                   \global 
l.385 \end{figure}
                  
A number should have been here; I inserted `0'.
(If you can't figure out why I needed to see a number,
look up `weird error' in the index to The TeXbook.)

/home/portgas/Desktop/IABD/BDA/Practicas Nifi/main.tex:385: Illegal unit of measure (pt inserted).
<to be read again> 
                   \global 
l.385 \end{figure}
                  
Dimensions can be in units of em, ex, in, pt, pc,
cm, mm, dd, cc, nd, nc, bp, or sp; but yours is a new one!
I'll assume that you meant to say pt, for printer's points.
To recover gracefully from this error, it's best to
delete the erroneous units; e.g., type `2' to delete
two letters. (See Chapter 27 of The TeXbook.)

/home/portgas/Desktop/IABD/BDA/Practicas Nifi/main.tex:385: Undefined control sequence.
\@addmarginpar ...vance \@mparbottom \dp \@marbox 
                                                  \global \advance \@mparbot...
l.385 \end{figure}
                  
The control sequence at the end of the top line
of your error message was never \def'ed. If you have
misspelled it (e.g., `\hobx'), type `I' and the correct
spelling (e.g., `I\hbox'). Otherwise just continue,
and I'll forget about whatever was undefined.

/home/portgas/Desktop/IABD/BDA/Practicas Nifi/main.tex:385: Missing number, treated as zero.
<to be read again> 
                   \global 
l.385 \end{figure}
                  
A number should have been here; I inserted `0'.
(If you can't figure out why I needed to see a number,
look up `weird error' in the index to The TeXbook.)

/home/portgas/Desktop/IABD/BDA/Practicas Nifi/main.tex:385: Undefined control sequence.
\@addmarginpar ...dvance \@tempdima -\ht \@marbox 
                                                  \global \setbox \@marbox \...
l.385 \end{figure}
                  
The control sequence at the end of the top line
of your error message was never \def'ed. If you have
misspelled it (e.g., `\hobx'), type `I' and the correct
spelling (e.g., `I\hbox'). Otherwise just continue,
and I'll forget about whatever was undefined.

/home/portgas/Desktop/IABD/BDA/Practicas Nifi/main.tex:385: Missing number, treated as zero.
<to be read again> 
                   \global 
l.385 \end{figure}
                  
A number should have been here; I inserted `0'.
(If you can't figure out why I needed to see a number,
look up `weird error' in the index to The TeXbook.)

/home/portgas/Desktop/IABD/BDA/Practicas Nifi/main.tex:385: Undefined control sequence.
\@addmarginpar ...marbox \global \setbox \@marbox 
                                                  \vbox {\vskip \@tempdima \...
l.385 \end{figure}
                  
The control sequence at the end of the top line
of your error message was never \def'ed. If you have
misspelled it (e.g., `\hobx'), type `I' and the correct
spelling (e.g., `I\hbox'). Otherwise just continue,
and I'll forget about whatever was undefined.

/home/portgas/Desktop/IABD/BDA/Practicas Nifi/main.tex:385: Missing number, treated as zero.
<to be read again> 
                   \vbox 
l.385 \end{figure}
                  
A number should have been here; I inserted `0'.
(If you can't figure out why I needed to see a number,
look up `weird error' in the index to The TeXbook.)

/home/portgas/Desktop/IABD/BDA/Practicas Nifi/main.tex:385: Undefined control sequence.
\@addmarginpar ...\vskip \@tempdima \box \@marbox 
                                                  }\global \ht \@marbox \z@ ...
l.385 \end{figure}
                  
The control sequence at the end of the top line
of your error message was never \def'ed. If you have
misspelled it (e.g., `\hobx'), type `I' and the correct
spelling (e.g., `I\hbox'). Otherwise just continue,
and I'll forget about whatever was undefined.

/home/portgas/Desktop/IABD/BDA/Practicas Nifi/main.tex:385: Missing number, treated as zero.
<to be read again> 
                   }
l.385 \end{figure}
                  
A number should have been here; I inserted `0'.
(If you can't figure out why I needed to see a number,
look up `weird error' in the index to The TeXbook.)

/home/portgas/Desktop/IABD/BDA/Practicas Nifi/main.tex:385: Undefined control sequence.
\@addmarginpar ... \@marbox }\global \ht \@marbox 
                                                  \z@ \global \dp \@marbox \...
l.385 \end{figure}
                  
The control sequence at the end of the top line
of your error message was never \def'ed. If you have
misspelled it (e.g., `\hobx'), type `I' and the correct
spelling (e.g., `I\hbox'). Otherwise just continue,
and I'll forget about whatever was undefined.

/home/portgas/Desktop/IABD/BDA/Practicas Nifi/main.tex:385: Missing number, treated as zero.
<to be read again> 
                   \global 
l.385 \end{figure}
                  
A number should have been here; I inserted `0'.
(If you can't figure out why I needed to see a number,
look up `weird error' in the index to The TeXbook.)

/home/portgas/Desktop/IABD/BDA/Practicas Nifi/main.tex:385: Illegal unit of measure (pt inserted).
<to be read again> 
                   \global 
l.385 \end{figure}
                  
Dimensions can be in units of em, ex, in, pt, pc,
cm, mm, dd, cc, nd, nc, bp, or sp; but yours is a new one!
I'll assume that you meant to say pt, for printer's points.
To recover gracefully from this error, it's best to
delete the erroneous units; e.g., type `2' to delete
two letters. (See Chapter 27 of The TeXbook.)

/home/portgas/Desktop/IABD/BDA/Practicas Nifi/main.tex:385: Undefined control sequence.
\@addmarginpar ...marbox \z@ \global \dp \@marbox 
                                                  \z@ \kern -\@pagedp \noint...
l.385 \end{figure}
                  
The control sequence at the end of the top line
of your error message was never \def'ed. If you have
misspelled it (e.g., `\hobx'), type `I' and the correct
spelling (e.g., `I\hbox'). Otherwise just continue,
and I'll forget about whatever was undefined.

/home/portgas/Desktop/IABD/BDA/Practicas Nifi/main.tex:385: Missing number, treated as zero.
<to be read again> 
                   \kern 
l.385 \end{figure}
                  
A number should have been here; I inserted `0'.
(If you can't figure out why I needed to see a number,
look up `weird error' in the index to The TeXbook.)

/home/portgas/Desktop/IABD/BDA/Practicas Nifi/main.tex:385: Illegal unit of measure (pt inserted).
<to be read again> 
                   \kern 
l.385 \end{figure}
                  
Dimensions can be in units of em, ex, in, pt, pc,
cm, mm, dd, cc, nd, nc, bp, or sp; but yours is a new one!
I'll assume that you meant to say pt, for printer's points.
To recover gracefully from this error, it's best to
delete the erroneous units; e.g., type `2' to delete
two letters. (See Chapter 27 of The TeXbook.)

/home/portgas/Desktop/IABD/BDA/Practicas Nifi/main.tex:385: Undefined control sequence.
\@addmarginpar ...arginparwidth \fi \box \@marbox 
                                                  \hss }\nointerlineskip \hb...
l.385 \end{figure}
                  
The control sequence at the end of the top line
of your error message was never \def'ed. If you have
misspelled it (e.g., `\hobx'), type `I' and the correct
spelling (e.g., `I\hbox'). Otherwise just continue,
and I'll forget about whatever was undefined.

/home/portgas/Desktop/IABD/BDA/Practicas Nifi/main.tex:385: Missing number, treated as zero.
<to be read again> 
                   \hss 
l.385 \end{figure}
                  
A number should have been here; I inserted `0'.
(If you can't figure out why I needed to see a number,
look up `weird error' in the index to The TeXbook.)


/home/portgas/Desktop/IABD/BDA/Practicas Nifi/main.tex:387: LaTeX Error: Too many unprocessed floats.

See the LaTeX manual or LaTeX Companion for explanation.
Type  H <return>  for immediate help.
 ...                                              
                                                  
l.387 \begin{figure}[ht]
                        
You've lost some text.  Try typing  <return>  to proceed.
If that doesn't work, type  X <return>  to quit.

/home/portgas/Desktop/IABD/BDA/Practicas Nifi/main.tex:387: Undefined control sequence.
\@xfloat ...@fltovf \fi \global \setbox \@currbox 
                                                  \color@vbox \normalcolor \...
l.387 \begin{figure}[ht]
                        
The control sequence at the end of the top line
of your error message was never \def'ed. If you have
misspelled it (e.g., `\hobx'), type `I' and the correct
spelling (e.g., `I\hbox'). Otherwise just continue,
and I'll forget about whatever was undefined.

/home/portgas/Desktop/IABD/BDA/Practicas Nifi/main.tex:387: Missing number, treated as zero.
<to be read again> 
                   \vbox 
l.387 \begin{figure}[ht]
                        
A number should have been here; I inserted `0'.
(If you can't figure out why I needed to see a number,
look up `weird error' in the index to The TeXbook.)

File: 57.png Graphic file (type png)
<use 57.png>
Package pdftex.def Info: 57.png  used on input line 389.
(pdftex.def)             Requested size: 364.19667pt x 168.41666pt.
/home/portgas/Desktop/IABD/BDA/Practicas Nifi/main.tex:392: Undefined control sequence.
\@largefloatcheck ->\ifdim \ht \@currbox 
                                         >\textheight \@tempdima -\textheigh...
l.392 \end{figure}
                  
The control sequence at the end of the top line
of your error message was never \def'ed. If you have
misspelled it (e.g., `\hobx'), type `I' and the correct
spelling (e.g., `I\hbox'). Otherwise just continue,
and I'll forget about whatever was undefined.

/home/portgas/Desktop/IABD/BDA/Practicas Nifi/main.tex:392: Missing number, treated as zero.
<to be read again> 
                   >
l.392 \end{figure}
                  
A number should have been here; I inserted `0'.
(If you can't figure out why I needed to see a number,
look up `weird error' in the index to The TeXbook.)

/home/portgas/Desktop/IABD/BDA/Practicas Nifi/main.tex:392: Undefined control sequence.
<argument> \@currbox 
                     
l.392 \end{figure}
                  
The control sequence at the end of the top line
of your error message was never \def'ed. If you have
misspelled it (e.g., `\hobx'), type `I' and the correct
spelling (e.g., `I\hbox'). Otherwise just continue,
and I'll forget about whatever was undefined.

[2 <./2.png (PNG copy)>]
/home/portgas/Desktop/IABD/BDA/Practicas Nifi/main.tex:392: Argument of \@xnext has an extra }.
<inserted text> 
                \par 
l.392 \end{figure}
                  
I've run across a `}' that doesn't seem to match anything.
For example, `\def\a#1{...}' and `\a}' would produce
this error. If you simply proceed now, the `\par' that
I've just inserted will cause me to report a runaway
argument that might be the root of the problem. But if
your `}' was spurious, just type `2' and it will go away.

Runaway argument?
\@currbox \@currlist \ifnum \count \@currbox >\z@ \advance \@pageht \@pagedp \ETC.
/home/portgas/Desktop/IABD/BDA/Practicas Nifi/main.tex:392: Paragraph ended before \@xnext was complete.
<to be read again> 
                   \par 
l.392 \end{figure}
                  
I suspect you've forgotten a `}', causing me to apply this
control sequence to too much text. How can we recover?
My plan is to forget the whole thing and hope for the best.

/home/portgas/Desktop/IABD/BDA/Practicas Nifi/main.tex:392: Extra \else.
\end@float ...pdima \penalty \@floatpenalty \else 
                                                  \vadjust {\penalty -\@Miv ...
l.392 \end{figure}
                  
I'm ignoring this; it doesn't match any \if.

/home/portgas/Desktop/IABD/BDA/Practicas Nifi/main.tex:392: You can't use `\vadjust' in vertical mode.
\end@float ...nalty \@floatpenalty \else \vadjust 
                                                  {\penalty -\@Miv \vbox {}\...
l.392 \end{figure}
                  
Sorry, but I'm not programmed to handle this case;
I'll just pretend that you didn't ask for it.
If you're in the wrong mode, you might be able to
return to the right one by typing `I}' or `I$' or `I\par'.

/home/portgas/Desktop/IABD/BDA/Practicas Nifi/main.tex:392: Argument of \@xnext has an extra }.
<inserted text> 
                \par 
l.392 \end{figure}
                  
I've run across a `}' that doesn't seem to match anything.
For example, `\def\a#1{...}' and `\a}' would produce
this error. If you simply proceed now, the `\par' that
I've just inserted will cause me to report a runaway
argument that might be the root of the problem. But if
your `}' was spurious, just type `2' and it will go away.

Runaway argument?
\@currbox \@currlist \ifnum \count \@currbox >\z@ \advance \@pageht \@pagedp \ETC.
/home/portgas/Desktop/IABD/BDA/Practicas Nifi/main.tex:392: Paragraph ended before \@xnext was complete.
<to be read again> 
                   \par 
l.392 \end{figure}
                  
I suspect you've forgotten a `}', causing me to apply this
control sequence to too much text. How can we recover?
My plan is to forget the whole thing and hope for the best.

<58.png, id=81, 1174.3875pt x 543.02875pt>
File: 58.png Graphic file (type png)
<use 58.png>
Package pdftex.def Info: 58.png  used on input line 395.
(pdftex.def)             Requested size: 364.19667pt x 168.39516pt.
/home/portgas/Desktop/IABD/BDA/Practicas Nifi/main.tex:398: Missing number, treated as zero.
<to be read again> 
                   \@elt 
l.398 \end{figure}
                  
A number should have been here; I inserted `0'.
(If you can't figure out why I needed to see a number,
look up `weird error' in the index to The TeXbook.)

/home/portgas/Desktop/IABD/BDA/Practicas Nifi/main.tex:398: Missing = inserted for \ifnum.
<to be read again> 
                   \@elt 
l.398 \end{figure}
                  
I was expecting to see `<', `=', or `>'. Didn't.

/home/portgas/Desktop/IABD/BDA/Practicas Nifi/main.tex:398: Missing number, treated as zero.
<to be read again> 
                   \@elt 
l.398 \end{figure}
                  
A number should have been here; I inserted `0'.
(If you can't figure out why I needed to see a number,
look up `weird error' in the index to The TeXbook.)

/home/portgas/Desktop/IABD/BDA/Practicas Nifi/main.tex:398: Use of \@xnext doesn't match its definition.
\@currlist ->\bx@B 
                   
l.398 \end{figure}
                  
If you say, e.g., `\def\a1{...}', then you must always
put `1' after `\a', since control sequence names are
made up of letters only. The macro here has not been
followed by the required stuff, so I'm ignoring it.

/home/portgas/Desktop/IABD/BDA/Practicas Nifi/main.tex:398: Undefined control sequence.
\@next ...mpty #4\else \expandafter \@xnext #2\@@ 
                                                  #1#2#3\fi 
l.398 \end{figure}
                  
The control sequence at the end of the top line
of your error message was never \def'ed. If you have
misspelled it (e.g., `\hobx'), type `I' and the correct
spelling (e.g., `I\hbox'). Otherwise just continue,
and I'll forget about whatever was undefined.

/home/portgas/Desktop/IABD/BDA/Practicas Nifi/main.tex:398: Undefined control sequence.
<argument> \@marbox 
                    
l.398 \end{figure}
                  
The control sequence at the end of the top line
of your error message was never \def'ed. If you have
misspelled it (e.g., `\hobx'), type `I' and the correct
spelling (e.g., `I\hbox'). Otherwise just continue,
and I'll forget about whatever was undefined.

/home/portgas/Desktop/IABD/BDA/Practicas Nifi/main.tex:398: Undefined control sequence.
<argument> \@marbox 
                    
l.398 \end{figure}
                  
The control sequence at the end of the top line
of your error message was never \def'ed. If you have
misspelled it (e.g., `\hobx'), type `I' and the correct
spelling (e.g., `I\hbox'). Otherwise just continue,
and I'll forget about whatever was undefined.

/home/portgas/Desktop/IABD/BDA/Practicas Nifi/main.tex:398: Undefined control sequence.
\@addmarginpar ...advance \@tempdima \ht \@marbox 
                                                  \ifdim \@tempdima >\z@ \@l...
l.398 \end{figure}
                  
The control sequence at the end of the top line
of your error message was never \def'ed. If you have
misspelled it (e.g., `\hobx'), type `I' and the correct
spelling (e.g., `I\hbox'). Otherwise just continue,
and I'll forget about whatever was undefined.

/home/portgas/Desktop/IABD/BDA/Practicas Nifi/main.tex:398: Bad register code (-27792828).
\@addmarginpar ...e \space moved}\else \@tempdima 
                                                  \z@ \fi \global \@mparbott...
l.398 \end{figure}
                  
A register number must be between 0 and 32767.
I changed this one to zero.

/home/portgas/Desktop/IABD/BDA/Practicas Nifi/main.tex:398: Missing number, treated as zero.
<to be read again> 
                   \global 
l.398 \end{figure}
                  
A number should have been here; I inserted `0'.
(If you can't figure out why I needed to see a number,
look up `weird error' in the index to The TeXbook.)

/home/portgas/Desktop/IABD/BDA/Practicas Nifi/main.tex:398: Illegal unit of measure (pt inserted).
<to be read again> 
                   \global 
l.398 \end{figure}
                  
Dimensions can be in units of em, ex, in, pt, pc,
cm, mm, dd, cc, nd, nc, bp, or sp; but yours is a new one!
I'll assume that you meant to say pt, for printer's points.
To recover gracefully from this error, it's best to
delete the erroneous units; e.g., type `2' to delete
two letters. (See Chapter 27 of The TeXbook.)

/home/portgas/Desktop/IABD/BDA/Practicas Nifi/main.tex:398: Undefined control sequence.
\@addmarginpar ...vance \@mparbottom \dp \@marbox 
                                                  \global \advance \@mparbot...
l.398 \end{figure}
                  
The control sequence at the end of the top line
of your error message was never \def'ed. If you have
misspelled it (e.g., `\hobx'), type `I' and the correct
spelling (e.g., `I\hbox'). Otherwise just continue,
and I'll forget about whatever was undefined.

/home/portgas/Desktop/IABD/BDA/Practicas Nifi/main.tex:398: Missing number, treated as zero.
<to be read again> 
                   \global 
l.398 \end{figure}
                  
A number should have been here; I inserted `0'.
(If you can't figure out why I needed to see a number,
look up `weird error' in the index to The TeXbook.)

/home/portgas/Desktop/IABD/BDA/Practicas Nifi/main.tex:398: Undefined control sequence.
\@addmarginpar ...dvance \@tempdima -\ht \@marbox 
                                                  \global \setbox \@marbox \...
l.398 \end{figure}
                  
The control sequence at the end of the top line
of your error message was never \def'ed. If you have
misspelled it (e.g., `\hobx'), type `I' and the correct
spelling (e.g., `I\hbox'). Otherwise just continue,
and I'll forget about whatever was undefined.

/home/portgas/Desktop/IABD/BDA/Practicas Nifi/main.tex:398: Missing number, treated as zero.
<to be read again> 
                   \global 
l.398 \end{figure}
                  
A number should have been here; I inserted `0'.
(If you can't figure out why I needed to see a number,
look up `weird error' in the index to The TeXbook.)

/home/portgas/Desktop/IABD/BDA/Practicas Nifi/main.tex:398: Undefined control sequence.
\@addmarginpar ...marbox \global \setbox \@marbox 
                                                  \vbox {\vskip \@tempdima \...
l.398 \end{figure}
                  
The control sequence at the end of the top line
of your error message was never \def'ed. If you have
misspelled it (e.g., `\hobx'), type `I' and the correct
spelling (e.g., `I\hbox'). Otherwise just continue,
and I'll forget about whatever was undefined.

/home/portgas/Desktop/IABD/BDA/Practicas Nifi/main.tex:398: Missing number, treated as zero.
<to be read again> 
                   \vbox 
l.398 \end{figure}
                  
A number should have been here; I inserted `0'.
(If you can't figure out why I needed to see a number,
look up `weird error' in the index to The TeXbook.)

/home/portgas/Desktop/IABD/BDA/Practicas Nifi/main.tex:398: Undefined control sequence.
\@addmarginpar ...\vskip \@tempdima \box \@marbox 
                                                  }\global \ht \@marbox \z@ ...
l.398 \end{figure}
                  
The control sequence at the end of the top line
of your error message was never \def'ed. If you have
misspelled it (e.g., `\hobx'), type `I' and the correct
spelling (e.g., `I\hbox'). Otherwise just continue,
and I'll forget about whatever was undefined.

/home/portgas/Desktop/IABD/BDA/Practicas Nifi/main.tex:398: Missing number, treated as zero.
<to be read again> 
                   }
l.398 \end{figure}
                  
A number should have been here; I inserted `0'.
(If you can't figure out why I needed to see a number,
look up `weird error' in the index to The TeXbook.)

/home/portgas/Desktop/IABD/BDA/Practicas Nifi/main.tex:398: Undefined control sequence.
\@addmarginpar ... \@marbox }\global \ht \@marbox 
                                                  \z@ \global \dp \@marbox \...
l.398 \end{figure}
                  
The control sequence at the end of the top line
of your error message was never \def'ed. If you have
misspelled it (e.g., `\hobx'), type `I' and the correct
spelling (e.g., `I\hbox'). Otherwise just continue,
and I'll forget about whatever was undefined.

/home/portgas/Desktop/IABD/BDA/Practicas Nifi/main.tex:398: Missing number, treated as zero.
<to be read again> 
                   \global 
l.398 \end{figure}
                  
A number should have been here; I inserted `0'.
(If you can't figure out why I needed to see a number,
look up `weird error' in the index to The TeXbook.)

/home/portgas/Desktop/IABD/BDA/Practicas Nifi/main.tex:398: Illegal unit of measure (pt inserted).
<to be read again> 
                   \global 
l.398 \end{figure}
                  
Dimensions can be in units of em, ex, in, pt, pc,
cm, mm, dd, cc, nd, nc, bp, or sp; but yours is a new one!
I'll assume that you meant to say pt, for printer's points.
To recover gracefully from this error, it's best to
delete the erroneous units; e.g., type `2' to delete
two letters. (See Chapter 27 of The TeXbook.)

/home/portgas/Desktop/IABD/BDA/Practicas Nifi/main.tex:398: Undefined control sequence.
\@addmarginpar ...marbox \z@ \global \dp \@marbox 
                                                  \z@ \kern -\@pagedp \noint...
l.398 \end{figure}
                  
The control sequence at the end of the top line
of your error message was never \def'ed. If you have
misspelled it (e.g., `\hobx'), type `I' and the correct
spelling (e.g., `I\hbox'). Otherwise just continue,
and I'll forget about whatever was undefined.

/home/portgas/Desktop/IABD/BDA/Practicas Nifi/main.tex:398: Missing number, treated as zero.
<to be read again> 
                   \kern 
l.398 \end{figure}
                  
A number should have been here; I inserted `0'.
(If you can't figure out why I needed to see a number,
look up `weird error' in the index to The TeXbook.)

/home/portgas/Desktop/IABD/BDA/Practicas Nifi/main.tex:398: Illegal unit of measure (pt inserted).
<to be read again> 
                   \kern 
l.398 \end{figure}
                  
Dimensions can be in units of em, ex, in, pt, pc,
cm, mm, dd, cc, nd, nc, bp, or sp; but yours is a new one!
I'll assume that you meant to say pt, for printer's points.
To recover gracefully from this error, it's best to
delete the erroneous units; e.g., type `2' to delete
two letters. (See Chapter 27 of The TeXbook.)

/home/portgas/Desktop/IABD/BDA/Practicas Nifi/main.tex:398: You can't use `\prevdepth' in horizontal mode.
\nointerlineskip ->\prevdepth 
                              -\@m \p@ 
l.398 \end{figure}
                  
Sorry, but I'm not programmed to handle this case;
I'll just pretend that you didn't ask for it.
If you're in the wrong mode, you might be able to
return to the right one by typing `I}' or `I$' or `I\par'.

/home/portgas/Desktop/IABD/BDA/Practicas Nifi/main.tex:398: Missing $ inserted.
<inserted text> 
                $
l.398 \end{figure}
                  
I've inserted a begin-math/end-math symbol since I think
you left one out. Proceed, with fingers crossed.

LaTeX Font Info:    Trying to load font information for U+msa on input line 398.
(/usr/local/texlive/2026/texmf-dist/tex/latex/amsfonts/umsa.fd
File: umsa.fd 2013/01/14 v3.01 AMS symbols A
)
LaTeX Font Info:    Trying to load font information for U+msb on input line 398.
 (/usr/local/texlive/2026/texmf-dist/tex/latex/amsfonts/umsb.fd
File: umsb.fd 2013/01/14 v3.01 AMS symbols B
)
/home/portgas/Desktop/IABD/BDA/Practicas Nifi/main.tex:398: Missing number, treated as zero.
<to be read again> 
                   \hbox 
l.398 \end{figure}
                  
A number should have been here; I inserted `0'.
(If you can't figure out why I needed to see a number,
look up `weird error' in the index to The TeXbook.)

/home/portgas/Desktop/IABD/BDA/Practicas Nifi/main.tex:398: Illegal unit of measure (pt inserted).
<to be read again> 
                   \hbox 
l.398 \end{figure}
                  
Dimensions can be in units of em, ex, in, pt, pc,
cm, mm, dd, cc, nd, nc, bp, or sp; but yours is a new one!
I'll assume that you meant to say pt, for printer's points.
To recover gracefully from this error, it's best to
delete the erroneous units; e.g., type `2' to delete
two letters. (See Chapter 27 of The TeXbook.)

/home/portgas/Desktop/IABD/BDA/Practicas Nifi/main.tex:398: Undefined control sequence.
\@addmarginpar ...arginparwidth \fi \box \@marbox 
                                                  \hss }\nointerlineskip \hb...
l.398 \end{figure}
                  
The control sequence at the end of the top line
of your error message was never \def'ed. If you have
misspelled it (e.g., `\hobx'), type `I' and the correct
spelling (e.g., `I\hbox'). Otherwise just continue,
and I'll forget about whatever was undefined.

/home/portgas/Desktop/IABD/BDA/Practicas Nifi/main.tex:398: Missing number, treated as zero.
<to be read again> 
                   \hss 
l.398 \end{figure}
                  
A number should have been here; I inserted `0'.
(If you can't figure out why I needed to see a number,
look up `weird error' in the index to The TeXbook.)

/home/portgas/Desktop/IABD/BDA/Practicas Nifi/main.tex:398: You can't use `\prevdepth' in math mode.
\nointerlineskip ->\prevdepth 
                              -\@m \p@ 
l.398 \end{figure}
                  
Sorry, but I'm not programmed to handle this case;
I'll just pretend that you didn't ask for it.
If you're in the wrong mode, you might be able to
return to the right one by typing `I}' or `I$' or `I\par'.

/home/portgas/Desktop/IABD/BDA/Practicas Nifi/main.tex:398: Missing number, treated as zero.
<to be read again> 
                   \hbox 
l.398 \end{figure}
                  
A number should have been here; I inserted `0'.
(If you can't figure out why I needed to see a number,
look up `weird error' in the index to The TeXbook.)

/home/portgas/Desktop/IABD/BDA/Practicas Nifi/main.tex:398: Illegal unit of measure (pt inserted).
<to be read again> 
                   \hbox 
l.398 \end{figure}
                  
Dimensions can be in units of em, ex, in, pt, pc,
cm, mm, dd, cc, nd, nc, bp, or sp; but yours is a new one!
I'll assume that you meant to say pt, for printer's points.
To recover gracefully from this error, it's best to
delete the erroneous units; e.g., type `2' to delete
two letters. (See Chapter 27 of The TeXbook.)

/home/portgas/Desktop/IABD/BDA/Practicas Nifi/main.tex:398: Extra }, or forgotten $.
<output> ...i \else \global \vsize \maxdimen \fi }
                                                  
l.398 \end{figure}
                  
I've deleted a group-closing symbol because it seems to be
spurious, as in `$x}$'. But perhaps the } is legitimate and
you forgot something else, as in `\hbox{$x}'. In such cases
the way to recover is to insert both the forgotten and the
deleted material, e.g., by typing `I$}'.

/home/portgas/Desktop/IABD/BDA/Practicas Nifi/main.tex:398: Emergency stop.
<output> ...i \else \global \vsize \maxdimen \fi }
                                                  
l.398 \end{figure}
                  
Unbalanced output routine

 
Here is how much of TeX's memory you used:
 12420 strings out of 467050
 193222 string characters out of 5406313
 631675 words of memory out of 5000000
 41668 multiletter control sequences out of 15000+600000
 637758 words of font info for 64 fonts, out of 8000000 for 9000
 1141 hyphenation exceptions out of 8191
 74i,6n,79p,281b,497s stack positions out of 10000i,1000n,20000p,200000b,200000s
/home/portgas/Desktop/IABD/BDA/Practicas Nifi/main.tex:398:  ==> Fatal error occurred, no output PDF file produced!
